2026-09-04 14:36:28.806: [INFO] CurrentProfilePath: C:\Users\Abdul Rahman\OneDrive\Desktop\roshan\Payment Gateway Integration\User-Service\.metadata\.plugins\org.eclipse.swt\EBWebView\Default
2026-09-04 14:36:28.806: [INFO] Profiles total count: 1
2026-09-04 14:36:28.806: [INFO] Profile: name=Profile 1 path=C:\Users\Abdul Rahman\OneDrive\Desktop\roshan\Payment Gateway Integration\User-Service\.metadata\.plugins\org.eclipse.swt\EBWebView\Default lastActive=null
2026-09-04 14:36:28.806: [INFO] LastUsedProfileDir: C:\Users\Abdul Rahman\OneDrive\Desktop\roshan\Payment Gateway Integration\User-Service\.metadata\.plugins\org.eclipse.swt\EBWebView\Default
2026-09-04 14:36:28.806: [INFO] OnDoneLoading sync enabled: 0
2026-09-04 14:36:28.806: [INFO] BookmarkModelLoaded, ids_reassigned: 0
2026-09-04 14:36:28.806: [INFO] BookmarksLoadDropped droppedNodes=0
2026-09-04 14:36:28.806: [INFO] BookmarksSnapshot Startup total=0 bar=0 other=0 mobile=0 showBar=0 showBarNTP=1
2026-09-04 14:36:37.328: [INFO] BookmarksSnapshot Shutdown total=0 bar=0 other=0 mobile=0 showBar=0 showBarNTP=1
2026-09-04 15:05:33.007: [INFO] CurrentProfilePath: C:\Users\Abdul Rahman\OneDrive\Desktop\roshan\Payment Gateway Integration\User-Service\.metadata\.plugins\org.eclipse.swt\EBWebView\Default
2026-09-04 15:05:33.007: [INFO] Profiles total count: 1
2026-09-04 15:05:33.007: [INFO] Profile: name=Profile 1 path=C:\Users\Abdul Rahman\OneDrive\Desktop\roshan\Payment Gateway Integration\User-Service\.metadata\.plugins\org.eclipse.swt\EBWebView\Default lastActive=2026-09-04T14:36:31.045Z
2026-09-04 15:05:33.007: [INFO] LastUsedProfileDir: C:\Users\Abdul Rahman\OneDrive\Desktop\roshan\Payment Gateway Integration\User-Service\.metadata\.plugins\org.eclipse.swt\EBWebView\Default
2026-09-04 15:05:33.007: [INFO] MostRecentlyActiveProfile: name=Profile 1 path=C:\Users\Abdul Rahman\OneDrive\Desktop\roshan\Payment Gateway Integration\User-Service\.metadata\.plugins\org.eclipse.swt\EBWebView\Default lastActive=2026-09-04T14:36:31.045Z
2026-09-04 15:05:33.007: [INFO] OnDoneLoading sync enabled: 0
2026-09-04 15:05:33.007: [INFO] BookmarkModelLoaded, ids_reassigned: 0
2026-09-04 15:05:33.007: [INFO] BookmarksLoadDropped droppedNodes=0
2026-09-04 15:05:33.007: [INFO] BookmarksSnapshot Startup total=0 bar=0 other=0 mobile=0 showBar=0 showBarNTP=1
2026-09-04 15:06:05.564: [INFO] BookmarksSnapshot Shutdown total=0 bar=0 other=0 mobile=0 showBar=0 showBarNTP=1
2026-09-04 15:19:43.227: [INFO] CurrentProfilePath: C:\Users\Abdul Rahman\OneDrive\Desktop\roshan\Payment Gateway Integration\User-Service\.metadata\.plugins\org.eclipse.swt\EBWebView\Default
2026-09-04 15:19:43.227: [INFO] Profiles total count: 1
2026-09-04 15:19:43.227: [INFO] Profile: name=Profile 1 path=C:\Users\Abdul Rahman\OneDrive\Desktop\roshan\Payment Gateway Integration\User-Service\.metadata\.plugins\org.eclipse.swt\EBWebView\Default lastActive=2026-09-04T14:36:31.045Z
2026-09-04 15:19:43.227: [INFO] LastUsedProfileDir: C:\Users\Abdul Rahman\OneDrive\Desktop\roshan\Payment Gateway Integration\User-Service\.metadata\.plugins\org.eclipse.swt\EBWebView\Default
2026-09-04 15:19:43.227: [INFO] MostRecentlyActiveProfile: name=Profile 1 path=C:\Users\Abdul Rahman\OneDrive\Desktop\roshan\Payment Gateway Integration\User-Service\.metadata\.plugins\org.eclipse.swt\EBWebView\Default lastActive=2026-09-04T14:36:31.045Z
2026-09-04 15:19:43.227: [INFO] OnDoneLoading sync enabled: 0
2026-09-04 15:19:43.227: [INFO] BookmarkModelLoaded, ids_reassigned: 0
2026-09-04 15:19:43.227: [INFO] BookmarksLoadDropped droppedNodes=0
2026-09-04 15:19:43.227: [INFO] BookmarksSnapshot Startup total=0 bar=0 other=0 mobile=0 showBar=0 showBarNTP=1
2026-09-04 15:20:13.431: [INFO] BookmarksSnapshot Shutdown total=0 bar=0 other=0 mobile=0 showBar=0 showBarNTP=1
2026-09-04 15:20:47.899: [INFO] CurrentProfilePath: C:\Users\Abdul Rahman\OneDrive\Desktop\roshan\Payment Gateway Integration\User-Service\.metadata\.plugins\org.eclipse.swt\EBWebView\Default
2026-09-04 15:20:47.899: [INFO] Profiles total count: 1
2026-09-04 15:20:47.899: [INFO] Profile: name=Profile 1 path=C:\Users\Abdul Rahman\OneDrive\Desktop\roshan\Payment Gateway Integration\User-Service\.metadata\.plugins\org.eclipse.swt\EBWebView\Default lastActive=2026-09-04T14:36:31.045Z
2026-09-04 15:20:47.899: [INFO] LastUsedProfileDir: C:\Users\Abdul Rahman\OneDrive\Desktop\roshan\Payment Gateway Integration\User-Service\.metadata\.plugins\org.eclipse.swt\EBWebView\Default
2026-09-04 15:20:47.899: [INFO] MostRecentlyActiveProfile: name=Profile 1 path=C:\Users\Abdul Rahman\OneDrive\Desktop\roshan\Payment Gateway Integration\User-Service\.metadata\.plugins\org.eclipse.swt\EBWebView\Default lastActive=2026-09-04T14:36:31.045Z
2026-09-04 15:20:47.899: [INFO] OnDoneLoading sync enabled: 0
2026-09-04 15:20:47.899: [INFO] BookmarkModelLoaded, ids_reassigned: 0
2026-09-04 15:20:47.899: [INFO] BookmarksLoadDropped droppedNodes=0
2026-09-04 15:20:47.899: [INFO] BookmarksSnapshot Startup total=0 bar=0 other=0 mobile=0 showBar=0 showBarNTP=1
2026-09-04 18:37:56.822: [INFO] BookmarksSnapshot Shutdown total=0 bar=0 other=0 mobile=0 showBar=0 showBarNTP=1
