2026-08-18 17:35:59.301: [INFO] CurrentProfilePath: C:\Users\Abdul Rahman\OneDrive\Desktop\roshan\Payment-service\.metadata\.plugins\org.eclipse.swt\EBWebView\Default
2026-08-18 17:35:59.301: [INFO] Profiles total count: 1
2026-08-18 17:35:59.301: [INFO] Profile: name=Profile 1 path=C:\Users\Abdul Rahman\OneDrive\Desktop\roshan\Payment-service\.metadata\.plugins\org.eclipse.swt\EBWebView\Default lastActive=null
2026-08-18 17:35:59.301: [INFO] LastUsedProfileDir: C:\Users\Abdul Rahman\OneDrive\Desktop\roshan\Payment-service\.metadata\.plugins\org.eclipse.swt\EBWebView\Default
2026-08-18 17:35:59.301: [INFO] OnDoneLoading sync enabled: 0
2026-08-18 17:35:59.301: [INFO] BookmarkModelLoaded, ids_reassigned: 0
2026-08-18 17:35:59.301: [INFO] BookmarksLoadDropped droppedNodes=0
2026-08-18 17:35:59.301: [INFO] BookmarksSnapshot Startup total=0 bar=0 other=0 mobile=0 showBar=0 showBarNTP=1
2026-08-18 17:36:08.781: [INFO] BookmarksSnapshot Shutdown total=0 bar=0 other=0 mobile=0 showBar=0 showBarNTP=1
2026-08-18 17:40:01.814: [INFO] CurrentProfilePath: C:\Users\Abdul Rahman\OneDrive\Desktop\roshan\Payment-service\.metadata\.plugins\org.eclipse.swt\EBWebView\Default
2026-08-18 17:40:01.814: [INFO] Profiles total count: 1
2026-08-18 17:40:01.815: [INFO] Profile: name=Profile 1 path=C:\Users\Abdul Rahman\OneDrive\Desktop\roshan\Payment-service\.metadata\.plugins\org.eclipse.swt\EBWebView\Default lastActive=2026-08-18T17:36:08.406Z
2026-08-18 17:40:01.815: [INFO] LastUsedProfileDir: C:\Users\Abdul Rahman\OneDrive\Desktop\roshan\Payment-service\.metadata\.plugins\org.eclipse.swt\EBWebView\Default
2026-08-18 17:40:01.815: [INFO] MostRecentlyActiveProfile: name=Profile 1 path=C:\Users\Abdul Rahman\OneDrive\Desktop\roshan\Payment-service\.metadata\.plugins\org.eclipse.swt\EBWebView\Default lastActive=2026-08-18T17:36:08.406Z
2026-08-18 17:40:01.815: [INFO] OnDoneLoading sync enabled: 0
2026-08-18 17:40:01.815: [INFO] BookmarkModelLoaded, ids_reassigned: 0
2026-08-18 17:40:01.815: [INFO] BookmarksLoadDropped droppedNodes=0
2026-08-18 17:40:01.815: [INFO] BookmarksSnapshot Startup total=0 bar=0 other=0 mobile=0 showBar=0 showBarNTP=1
2026-08-18 17:40:25.724: [INFO] BookmarksSnapshot Shutdown total=0 bar=0 other=0 mobile=0 showBar=0 showBarNTP=1
2026-08-22 09:46:49.779: [INFO] CurrentProfilePath: C:\Users\Abdul Rahman\OneDrive\Desktop\roshan\Payment-service\.metadata\.plugins\org.eclipse.swt\EBWebView\Default
2026-08-22 09:46:49.779: [INFO] Profiles total count: 1
2026-08-22 09:46:49.784: [INFO] Profile: name=Profile 1 path=C:\Users\Abdul Rahman\OneDrive\Desktop\roshan\Payment-service\.metadata\.plugins\org.eclipse.swt\EBWebView\Default lastActive=2026-08-18T17:36:08.406Z
2026-08-22 09:46:49.784: [INFO] LastUsedProfileDir: C:\Users\Abdul Rahman\OneDrive\Desktop\roshan\Payment-service\.metadata\.plugins\org.eclipse.swt\EBWebView\Default
2026-08-22 09:46:49.784: [INFO] MostRecentlyActiveProfile: name=Profile 1 path=C:\Users\Abdul Rahman\OneDrive\Desktop\roshan\Payment-service\.metadata\.plugins\org.eclipse.swt\EBWebView\Default lastActive=2026-08-18T17:36:08.406Z
2026-08-22 09:46:49.784: [INFO] OnDoneLoading sync enabled: 0
2026-08-22 09:46:49.784: [INFO] BookmarkModelLoaded, ids_reassigned: 0
2026-08-22 09:46:49.784: [INFO] BookmarksLoadDropped droppedNodes=0
2026-08-22 09:46:49.784: [INFO] BookmarksSnapshot Startup total=0 bar=0 other=0 mobile=0 showBar=0 showBarNTP=1
2026-08-22 09:46:57.216: [INFO] BookmarksSnapshot Shutdown total=0 bar=0 other=0 mobile=0 showBar=0 showBarNTP=1
2026-08-22 09:47:15.977: [INFO] CurrentProfilePath: C:\Users\Abdul Rahman\OneDrive\Desktop\roshan\Payment-service\.metadata\.plugins\org.eclipse.swt\EBWebView\Default
2026-08-22 09:47:15.978: [INFO] Profiles total count: 1
2026-08-22 09:47:15.978: [INFO] Profile: name=Profile 1 path=C:\Users\Abdul Rahman\OneDrive\Desktop\roshan\Payment-service\.metadata\.plugins\org.eclipse.swt\EBWebView\Default lastActive=2026-08-18T17:36:08.406Z
2026-08-22 09:47:15.978: [INFO] LastUsedProfileDir: C:\Users\Abdul Rahman\OneDrive\Desktop\roshan\Payment-service\.metadata\.plugins\org.eclipse.swt\EBWebView\Default
2026-08-22 09:47:15.978: [INFO] MostRecentlyActiveProfile: name=Profile 1 path=C:\Users\Abdul Rahman\OneDrive\Desktop\roshan\Payment-service\.metadata\.plugins\org.eclipse.swt\EBWebView\Default lastActive=2026-08-18T17:36:08.406Z
2026-08-22 09:47:15.978: [INFO] OnDoneLoading sync enabled: 0
2026-08-22 09:47:15.978: [INFO] BookmarkModelLoaded, ids_reassigned: 0
2026-08-22 09:47:15.978: [INFO] BookmarksLoadDropped droppedNodes=0
2026-08-22 09:47:15.978: [INFO] BookmarksSnapshot Startup total=0 bar=0 other=0 mobile=0 showBar=0 showBarNTP=1
2026-08-22 09:51:50.809: [INFO] BookmarksSnapshot Shutdown total=0 bar=0 other=0 mobile=0 showBar=0 showBarNTP=1
2026-08-22 09:57:26.321: [INFO] CurrentProfilePath: C:\Users\Abdul Rahman\OneDrive\Desktop\roshan\Payment-service\.metadata\.plugins\org.eclipse.swt\EBWebView\Default
2026-08-22 09:57:26.321: [INFO] Profiles total count: 1
2026-08-22 09:57:26.321: [INFO] Profile: name=Profile 1 path=C:\Users\Abdul Rahman\OneDrive\Desktop\roshan\Payment-service\.metadata\.plugins\org.eclipse.swt\EBWebView\Default lastActive=2026-08-18T17:36:08.406Z
2026-08-22 09:57:26.321: [INFO] LastUsedProfileDir: C:\Users\Abdul Rahman\OneDrive\Desktop\roshan\Payment-service\.metadata\.plugins\org.eclipse.swt\EBWebView\Default
2026-08-22 09:57:26.321: [INFO] MostRecentlyActiveProfile: name=Profile 1 path=C:\Users\Abdul Rahman\OneDrive\Desktop\roshan\Payment-service\.metadata\.plugins\org.eclipse.swt\EBWebView\Default lastActive=2026-08-18T17:36:08.406Z
2026-08-22 09:57:26.321: [INFO] OnDoneLoading sync enabled: 0
2026-08-22 09:57:26.321: [INFO] BookmarkModelLoaded, ids_reassigned: 0
2026-08-22 09:57:26.321: [INFO] BookmarksLoadDropped droppedNodes=0
2026-08-22 09:57:26.322: [INFO] BookmarksSnapshot Startup total=0 bar=0 other=0 mobile=0 showBar=0 showBarNTP=1
2026-08-22 10:24:54.862: [INFO] BookmarksSnapshot Shutdown total=0 bar=0 other=0 mobile=0 showBar=0 showBarNTP=1
2026-08-23 15:29:51.604: [INFO] CurrentProfilePath: C:\Users\Abdul Rahman\OneDrive\Desktop\roshan\Payment Gateway Integration\Payment-service\.metadata\.plugins\org.eclipse.swt\EBWebView\Default
2026-08-23 15:29:51.605: [INFO] Profiles total count: 1
2026-08-23 15:29:51.607: [INFO] Profile: name=Profile 1 path=C:\Users\Abdul Rahman\OneDrive\Desktop\roshan\Payment Gateway Integration\Payment-service\.metadata\.plugins\org.eclipse.swt\EBWebView\Default lastActive=2026-08-18T17:36:08.406Z
2026-08-23 15:29:51.607: [INFO] LastUsedProfileDir: C:\Users\Abdul Rahman\OneDrive\Desktop\roshan\Payment Gateway Integration\Payment-service\.metadata\.plugins\org.eclipse.swt\EBWebView\Default
2026-08-23 15:29:51.607: [INFO] MostRecentlyActiveProfile: name=Profile 1 path=C:\Users\Abdul Rahman\OneDrive\Desktop\roshan\Payment Gateway Integration\Payment-service\.metadata\.plugins\org.eclipse.swt\EBWebView\Default lastActive=2026-08-18T17:36:08.406Z
2026-08-23 15:29:51.607: [INFO] OnDoneLoading sync enabled: 0
2026-08-23 15:29:51.607: [INFO] BookmarkModelLoaded, ids_reassigned: 0
2026-08-23 15:29:51.607: [INFO] BookmarksLoadDropped droppedNodes=0
2026-08-23 15:29:51.607: [INFO] BookmarksSnapshot Startup total=0 bar=0 other=0 mobile=0 showBar=0 showBarNTP=1
2026-08-23 15:30:36.877: [INFO] BookmarksSnapshot Shutdown total=0 bar=0 other=0 mobile=0 showBar=0 showBarNTP=1
2026-08-23 15:31:57.564: [INFO] CurrentProfilePath: C:\Users\Abdul Rahman\OneDrive\Desktop\roshan\Payment Gateway Integration\Payment-service\.metadata\.plugins\org.eclipse.swt\EBWebView\Default
2026-08-23 15:31:57.564: [INFO] Profiles total count: 1
2026-08-23 15:31:57.566: [INFO] Profile: name=Profile 1 path=C:\Users\Abdul Rahman\OneDrive\Desktop\roshan\Payment Gateway Integration\Payment-service\.metadata\.plugins\org.eclipse.swt\EBWebView\Default lastActive=2026-08-18T17:36:08.406Z
2026-08-23 15:31:57.566: [INFO] LastUsedProfileDir: C:\Users\Abdul Rahman\OneDrive\Desktop\roshan\Payment Gateway Integration\Payment-service\.metadata\.plugins\org.eclipse.swt\EBWebView\Default
2026-08-23 15:31:57.566: [INFO] MostRecentlyActiveProfile: name=Profile 1 path=C:\Users\Abdul Rahman\OneDrive\Desktop\roshan\Payment Gateway Integration\Payment-service\.metadata\.plugins\org.eclipse.swt\EBWebView\Default lastActive=2026-08-18T17:36:08.406Z
2026-08-23 15:31:57.566: [INFO] OnDoneLoading sync enabled: 0
2026-08-23 15:31:57.566: [INFO] BookmarkModelLoaded, ids_reassigned: 0
2026-08-23 15:31:57.566: [INFO] BookmarksLoadDropped droppedNodes=0
2026-08-23 15:31:57.566: [INFO] BookmarksSnapshot Startup total=0 bar=0 other=0 mobile=0 showBar=0 showBarNTP=1
2026-08-23 15:35:14.504: [INFO] BookmarksSnapshot Shutdown total=0 bar=0 other=0 mobile=0 showBar=0 showBarNTP=1
2026-08-23 15:35:14.675: [INFO] CurrentProfilePath: C:\Users\Abdul Rahman\OneDrive\Desktop\roshan\Payment Gateway Integration\Payment-service\.metadata\.plugins\org.eclipse.swt\EBWebView\Default
2026-08-23 15:35:14.675: [INFO] Profiles total count: 1
2026-08-23 15:35:14.675: [INFO] Profile: name=Profile 1 path=C:\Users\Abdul Rahman\OneDrive\Desktop\roshan\Payment Gateway Integration\Payment-service\.metadata\.plugins\org.eclipse.swt\EBWebView\Default lastActive=2026-08-18T17:36:08.406Z
2026-08-23 15:35:14.675: [INFO] LastUsedProfileDir: C:\Users\Abdul Rahman\OneDrive\Desktop\roshan\Payment Gateway Integration\Payment-service\.metadata\.plugins\org.eclipse.swt\EBWebView\Default
2026-08-23 15:35:14.675: [INFO] MostRecentlyActiveProfile: name=Profile 1 path=C:\Users\Abdul Rahman\OneDrive\Desktop\roshan\Payment Gateway Integration\Payment-service\.metadata\.plugins\org.eclipse.swt\EBWebView\Default lastActive=2026-08-18T17:36:08.406Z
2026-08-23 15:35:14.675: [INFO] OnDoneLoading sync enabled: 0
2026-08-23 15:35:14.675: [INFO] BookmarkModelLoaded, ids_reassigned: 0
2026-08-23 15:35:14.675: [INFO] BookmarksLoadDropped droppedNodes=0
2026-08-23 15:35:14.675: [INFO] BookmarksSnapshot Startup total=0 bar=0 other=0 mobile=0 showBar=0 showBarNTP=1
2026-08-23 15:38:28.940: [INFO] BookmarksSnapshot Shutdown total=0 bar=0 other=0 mobile=0 showBar=0 showBarNTP=1
2026-08-23 16:12:00.421: [INFO] CurrentProfilePath: C:\Users\Abdul Rahman\OneDrive\Desktop\roshan\Payment Gateway Integration\Payment-service\.metadata\.plugins\org.eclipse.swt\EBWebView\Default
2026-08-23 16:12:00.421: [INFO] Profiles total count: 1
2026-08-23 16:12:00.422: [INFO] Profile: name=Profile 1 path=C:\Users\Abdul Rahman\OneDrive\Desktop\roshan\Payment Gateway Integration\Payment-service\.metadata\.plugins\org.eclipse.swt\EBWebView\Default lastActive=2026-08-18T17:36:08.406Z
2026-08-23 16:12:00.422: [INFO] LastUsedProfileDir: C:\Users\Abdul Rahman\OneDrive\Desktop\roshan\Payment Gateway Integration\Payment-service\.metadata\.plugins\org.eclipse.swt\EBWebView\Default
2026-08-23 16:12:00.422: [INFO] MostRecentlyActiveProfile: name=Profile 1 path=C:\Users\Abdul Rahman\OneDrive\Desktop\roshan\Payment Gateway Integration\Payment-service\.metadata\.plugins\org.eclipse.swt\EBWebView\Default lastActive=2026-08-18T17:36:08.406Z
2026-08-23 16:12:00.422: [INFO] OnDoneLoading sync enabled: 0
2026-08-23 16:12:00.422: [INFO] BookmarkModelLoaded, ids_reassigned: 0
2026-08-23 16:12:00.422: [INFO] BookmarksLoadDropped droppedNodes=0
2026-08-23 16:12:00.422: [INFO] BookmarksSnapshot Startup total=0 bar=0 other=0 mobile=0 showBar=0 showBarNTP=1
2026-08-23 16:12:34.778: [INFO] BookmarksSnapshot Shutdown total=0 bar=0 other=0 mobile=0 showBar=0 showBarNTP=1
2026-08-23 16:31:42.607: [INFO] CurrentProfilePath: C:\Users\Abdul Rahman\OneDrive\Desktop\roshan\Payment Gateway Integration\Payment-service\.metadata\.plugins\org.eclipse.swt\EBWebView\Default
2026-08-23 16:31:42.607: [INFO] Profiles total count: 1
2026-08-23 16:31:42.609: [INFO] Profile: name=Profile 1 path=C:\Users\Abdul Rahman\OneDrive\Desktop\roshan\Payment Gateway Integration\Payment-service\.metadata\.plugins\org.eclipse.swt\EBWebView\Default lastActive=2026-08-18T17:36:08.406Z
2026-08-23 16:31:42.609: [INFO] LastUsedProfileDir: C:\Users\Abdul Rahman\OneDrive\Desktop\roshan\Payment Gateway Integration\Payment-service\.metadata\.plugins\org.eclipse.swt\EBWebView\Default
2026-08-23 16:31:42.610: [INFO] MostRecentlyActiveProfile: name=Profile 1 path=C:\Users\Abdul Rahman\OneDrive\Desktop\roshan\Payment Gateway Integration\Payment-service\.metadata\.plugins\org.eclipse.swt\EBWebView\Default lastActive=2026-08-18T17:36:08.406Z
2026-08-23 16:31:42.610: [INFO] OnDoneLoading sync enabled: 0
2026-08-23 16:31:42.610: [INFO] BookmarkModelLoaded, ids_reassigned: 0
2026-08-23 16:31:42.610: [INFO] BookmarksLoadDropped droppedNodes=0
2026-08-23 16:31:42.610: [INFO] BookmarksSnapshot Startup total=0 bar=0 other=0 mobile=0 showBar=0 showBarNTP=1
2026-08-23 20:00:55.225: [INFO] BookmarksSnapshot Shutdown total=0 bar=0 other=0 mobile=0 showBar=0 showBarNTP=1
2026-08-25 19:44:24.837: [INFO] CurrentProfilePath: C:\Users\Abdul Rahman\OneDrive\Desktop\roshan\Payment Gateway Integration\Payment-service\.metadata\.plugins\org.eclipse.swt\EBWebView\Default
2026-08-25 19:44:24.838: [INFO] Profiles total count: 1
2026-08-25 19:44:24.847: [INFO] Profile: name=Profile 1 path=C:\Users\Abdul Rahman\OneDrive\Desktop\roshan\Payment Gateway Integration\Payment-service\.metadata\.plugins\org.eclipse.swt\EBWebView\Default lastActive=2026-08-18T17:36:08.406Z
2026-08-25 19:44:24.847: [INFO] LastUsedProfileDir: C:\Users\Abdul Rahman\OneDrive\Desktop\roshan\Payment Gateway Integration\Payment-service\.metadata\.plugins\org.eclipse.swt\EBWebView\Default
2026-08-25 19:44:24.847: [INFO] MostRecentlyActiveProfile: name=Profile 1 path=C:\Users\Abdul Rahman\OneDrive\Desktop\roshan\Payment Gateway Integration\Payment-service\.metadata\.plugins\org.eclipse.swt\EBWebView\Default lastActive=2026-08-18T17:36:08.406Z
2026-08-25 19:44:24.847: [INFO] OnDoneLoading sync enabled: 0
2026-08-25 19:44:24.848: [INFO] BookmarkModelLoaded, ids_reassigned: 0
2026-08-25 19:44:24.848: [INFO] BookmarksLoadDropped droppedNodes=0
2026-08-25 19:44:24.848: [INFO] BookmarksSnapshot Startup total=0 bar=0 other=0 mobile=0 showBar=0 showBarNTP=1
2026-08-25 20:34:46.210: [INFO] BookmarksSnapshot Shutdown total=0 bar=0 other=0 mobile=0 showBar=0 showBarNTP=1
2026-08-26 06:43:14.605: [INFO] CurrentProfilePath: C:\Users\Abdul Rahman\OneDrive\Desktop\roshan\Payment Gateway Integration\Payment-service\.metadata\.plugins\org.eclipse.swt\EBWebView\Default
2026-08-26 06:43:14.605: [INFO] Profiles total count: 1
2026-08-26 06:43:14.606: [INFO] Profile: name=Profile 1 path=C:\Users\Abdul Rahman\OneDrive\Desktop\roshan\Payment Gateway Integration\Payment-service\.metadata\.plugins\org.eclipse.swt\EBWebView\Default lastActive=2026-08-18T17:36:08.406Z
2026-08-26 06:43:14.606: [INFO] LastUsedProfileDir: C:\Users\Abdul Rahman\OneDrive\Desktop\roshan\Payment Gateway Integration\Payment-service\.metadata\.plugins\org.eclipse.swt\EBWebView\Default
2026-08-26 06:43:14.606: [INFO] MostRecentlyActiveProfile: name=Profile 1 path=C:\Users\Abdul Rahman\OneDrive\Desktop\roshan\Payment Gateway Integration\Payment-service\.metadata\.plugins\org.eclipse.swt\EBWebView\Default lastActive=2026-08-18T17:36:08.406Z
2026-08-26 06:43:14.606: [INFO] OnDoneLoading sync enabled: 0
2026-08-26 06:43:14.606: [INFO] BookmarkModelLoaded, ids_reassigned: 0
2026-08-26 06:43:14.606: [INFO] BookmarksLoadDropped droppedNodes=0
2026-08-26 06:43:14.606: [INFO] BookmarksSnapshot Startup total=0 bar=0 other=0 mobile=0 showBar=0 showBarNTP=1
2026-08-26 07:51:38.891: [INFO] BookmarksSnapshot Shutdown total=0 bar=0 other=0 mobile=0 showBar=0 showBarNTP=1
2026-09-04 15:22:56.573: [INFO] CurrentProfilePath: C:\Users\Abdul Rahman\OneDrive\Desktop\roshan\Payment Gateway Integration\Payment-service\.metadata\.plugins\org.eclipse.swt\EBWebView\Default
2026-09-04 15:22:56.573: [INFO] Profiles total count: 1
2026-09-04 15:22:56.574: [INFO] Profile: name=Profile 1 path=C:\Users\Abdul Rahman\OneDrive\Desktop\roshan\Payment Gateway Integration\Payment-service\.metadata\.plugins\org.eclipse.swt\EBWebView\Default lastActive=2026-08-18T17:36:08.406Z
2026-09-04 15:22:56.574: [INFO] LastUsedProfileDir: C:\Users\Abdul Rahman\OneDrive\Desktop\roshan\Payment Gateway Integration\Payment-service\.metadata\.plugins\org.eclipse.swt\EBWebView\Default
2026-09-04 15:22:56.574: [INFO] MostRecentlyActiveProfile: name=Profile 1 path=C:\Users\Abdul Rahman\OneDrive\Desktop\roshan\Payment Gateway Integration\Payment-service\.metadata\.plugins\org.eclipse.swt\EBWebView\Default lastActive=2026-08-18T17:36:08.406Z
2026-09-04 15:22:56.574: [INFO] OnDoneLoading sync enabled: 0
2026-09-04 15:22:56.574: [INFO] BookmarkModelLoaded, ids_reassigned: 0
2026-09-04 15:22:56.574: [INFO] BookmarksLoadDropped droppedNodes=0
2026-09-04 15:22:56.574: [INFO] BookmarksSnapshot Startup total=0 bar=0 other=0 mobile=0 showBar=0 showBarNTP=1
2026-09-04 18:37:49.743: [INFO] BookmarksSnapshot Shutdown total=0 bar=0 other=0 mobile=0 showBar=0 showBarNTP=1
2026-09-06 15:03:53.601: [INFO] CurrentProfilePath: C:\Users\Abdul Rahman\OneDrive\Desktop\roshan\Payment Gateway Integration\Payment-service\.metadata\.plugins\org.eclipse.swt\EBWebView\Default
2026-09-06 15:03:53.601: [INFO] Profiles total count: 1
2026-09-06 15:03:53.601: [INFO] Profile: name=Profile 1 path=C:\Users\Abdul Rahman\OneDrive\Desktop\roshan\Payment Gateway Integration\Payment-service\.metadata\.plugins\org.eclipse.swt\EBWebView\Default lastActive=2026-08-18T17:36:08.406Z
2026-09-06 15:03:53.601: [INFO] LastUsedProfileDir: C:\Users\Abdul Rahman\OneDrive\Desktop\roshan\Payment Gateway Integration\Payment-service\.metadata\.plugins\org.eclipse.swt\EBWebView\Default
2026-09-06 15:03:53.601: [INFO] MostRecentlyActiveProfile: name=Profile 1 path=C:\Users\Abdul Rahman\OneDrive\Desktop\roshan\Payment Gateway Integration\Payment-service\.metadata\.plugins\org.eclipse.swt\EBWebView\Default lastActive=2026-08-18T17:36:08.406Z
2026-09-06 15:03:53.601: [INFO] OnDoneLoading sync enabled: 0
2026-09-06 15:03:53.601: [INFO] BookmarkModelLoaded, ids_reassigned: 0
2026-09-06 15:03:53.601: [INFO] BookmarksLoadDropped droppedNodes=0
2026-09-06 15:03:53.601: [INFO] BookmarksSnapshot Startup total=0 bar=0 other=0 mobile=0 showBar=0 showBarNTP=1
2026-09-06 16:50:00.322: [INFO] BookmarksSnapshot Shutdown total=0 bar=0 other=0 mobile=0 showBar=0 showBarNTP=1
