2026-08-26 06:34:24.977: [INFO] CurrentProfilePath: C:\Users\Abdul Rahman\OneDrive\Desktop\roshan\Payment Gateway Integration\Order-Service\.metadata\.plugins\org.eclipse.swt\EBWebView\Default
2026-08-26 06:34:24.977: [INFO] Profiles total count: 1
2026-08-26 06:34:24.977: [INFO] Profile: name=Profile 1 path=C:\Users\Abdul Rahman\OneDrive\Desktop\roshan\Payment Gateway Integration\Order-Service\.metadata\.plugins\org.eclipse.swt\EBWebView\Default lastActive=null
2026-08-26 06:34:24.977: [INFO] LastUsedProfileDir: C:\Users\Abdul Rahman\OneDrive\Desktop\roshan\Payment Gateway Integration\Order-Service\.metadata\.plugins\org.eclipse.swt\EBWebView\Default
2026-08-26 06:34:24.977: [INFO] OnDoneLoading sync enabled: 0
2026-08-26 06:34:24.977: [INFO] BookmarkModelLoaded, ids_reassigned: 0
2026-08-26 06:34:24.977: [INFO] BookmarksLoadDropped droppedNodes=0
2026-08-26 06:34:24.977: [INFO] BookmarksSnapshot Startup total=0 bar=0 other=0 mobile=0 showBar=0 showBarNTP=1
2026-08-26 06:34:36.734: [INFO] BookmarksSnapshot Shutdown total=0 bar=0 other=0 mobile=0 showBar=0 showBarNTP=1
2026-08-26 06:51:28.930: [INFO] CurrentProfilePath: C:\Users\Abdul Rahman\OneDrive\Desktop\roshan\Payment Gateway Integration\Order-Service\.metadata\.plugins\org.eclipse.swt\EBWebView\Default
2026-08-26 06:51:28.930: [INFO] Profiles total count: 1
2026-08-26 06:51:28.931: [INFO] Profile: name=Profile 1 path=C:\Users\Abdul Rahman\OneDrive\Desktop\roshan\Payment Gateway Integration\Order-Service\.metadata\.plugins\org.eclipse.swt\EBWebView\Default lastActive=2026-08-26T06:34:29.671Z
2026-08-26 06:51:28.931: [INFO] LastUsedProfileDir: C:\Users\Abdul Rahman\OneDrive\Desktop\roshan\Payment Gateway Integration\Order-Service\.metadata\.plugins\org.eclipse.swt\EBWebView\Default
2026-08-26 06:51:28.931: [INFO] MostRecentlyActiveProfile: name=Profile 1 path=C:\Users\Abdul Rahman\OneDrive\Desktop\roshan\Payment Gateway Integration\Order-Service\.metadata\.plugins\org.eclipse.swt\EBWebView\Default lastActive=2026-08-26T06:34:29.671Z
2026-08-26 06:51:28.931: [INFO] OnDoneLoading sync enabled: 0
2026-08-26 06:51:28.931: [INFO] BookmarkModelLoaded, ids_reassigned: 0
2026-08-26 06:51:28.931: [INFO] BookmarksLoadDropped droppedNodes=0
2026-08-26 06:51:28.931: [INFO] BookmarksSnapshot Startup total=0 bar=0 other=0 mobile=0 showBar=0 showBarNTP=1
2026-08-26 07:51:40.789: [INFO] BookmarksSnapshot Shutdown total=0 bar=0 other=0 mobile=0 showBar=0 showBarNTP=1
2026-08-26 14:42:35.192: [INFO] CurrentProfilePath: C:\Users\Abdul Rahman\OneDrive\Desktop\roshan\Payment Gateway Integration\Order-Service\.metadata\.plugins\org.eclipse.swt\EBWebView\Default
2026-08-26 14:42:35.192: [INFO] Profiles total count: 1
2026-08-26 14:42:35.192: [INFO] Profile: name=Profile 1 path=C:\Users\Abdul Rahman\OneDrive\Desktop\roshan\Payment Gateway Integration\Order-Service\.metadata\.plugins\org.eclipse.swt\EBWebView\Default lastActive=2026-08-26T06:34:29.671Z
2026-08-26 14:42:35.192: [INFO] LastUsedProfileDir: C:\Users\Abdul Rahman\OneDrive\Desktop\roshan\Payment Gateway Integration\Order-Service\.metadata\.plugins\org.eclipse.swt\EBWebView\Default
2026-08-26 14:42:35.192: [INFO] MostRecentlyActiveProfile: name=Profile 1 path=C:\Users\Abdul Rahman\OneDrive\Desktop\roshan\Payment Gateway Integration\Order-Service\.metadata\.plugins\org.eclipse.swt\EBWebView\Default lastActive=2026-08-26T06:34:29.671Z
2026-08-26 14:42:35.192: [INFO] OnDoneLoading sync enabled: 0
2026-08-26 14:42:35.192: [INFO] BookmarkModelLoaded, ids_reassigned: 0
2026-08-26 14:42:35.192: [INFO] BookmarksLoadDropped droppedNodes=0
2026-08-26 14:42:35.192: [INFO] BookmarksSnapshot Startup total=0 bar=0 other=0 mobile=0 showBar=0 showBarNTP=1
2026-08-26 14:42:40.029: [INFO] BookmarksSnapshot Shutdown total=0 bar=0 other=0 mobile=0 showBar=0 showBarNTP=1
2026-08-27 17:38:33.002: [INFO] CurrentProfilePath: C:\Users\Abdul Rahman\OneDrive\Desktop\roshan\Payment Gateway Integration\Order-Service\.metadata\.plugins\org.eclipse.swt\EBWebView\Default
2026-08-27 17:38:33.002: [INFO] Profiles total count: 1
2026-08-27 17:38:33.005: [INFO] Profile: name=Profile 1 path=C:\Users\Abdul Rahman\OneDrive\Desktop\roshan\Payment Gateway Integration\Order-Service\.metadata\.plugins\org.eclipse.swt\EBWebView\Default lastActive=2026-08-26T06:34:29.671Z
2026-08-27 17:38:33.005: [INFO] LastUsedProfileDir: C:\Users\Abdul Rahman\OneDrive\Desktop\roshan\Payment Gateway Integration\Order-Service\.metadata\.plugins\org.eclipse.swt\EBWebView\Default
2026-08-27 17:38:33.006: [INFO] MostRecentlyActiveProfile: name=Profile 1 path=C:\Users\Abdul Rahman\OneDrive\Desktop\roshan\Payment Gateway Integration\Order-Service\.metadata\.plugins\org.eclipse.swt\EBWebView\Default lastActive=2026-08-26T06:34:29.671Z
2026-08-27 17:38:33.006: [INFO] OnDoneLoading sync enabled: 0
2026-08-27 17:38:33.006: [INFO] BookmarkModelLoaded, ids_reassigned: 0
2026-08-27 17:38:33.006: [INFO] BookmarksLoadDropped droppedNodes=0
2026-08-27 17:38:33.006: [INFO] BookmarksSnapshot Startup total=0 bar=0 other=0 mobile=0 showBar=0 showBarNTP=1
2026-08-27 17:38:49.478: [INFO] BookmarksSnapshot Shutdown total=0 bar=0 other=0 mobile=0 showBar=0 showBarNTP=1
2026-08-27 17:39:17.633: [INFO] CurrentProfilePath: C:\Users\Abdul Rahman\OneDrive\Desktop\roshan\Payment Gateway Integration\Order-Service\.metadata\.plugins\org.eclipse.swt\EBWebView\Default
2026-08-27 17:39:17.633: [INFO] Profiles total count: 1
2026-08-27 17:39:17.634: [INFO] Profile: name=Profile 1 path=C:\Users\Abdul Rahman\OneDrive\Desktop\roshan\Payment Gateway Integration\Order-Service\.metadata\.plugins\org.eclipse.swt\EBWebView\Default lastActive=2026-08-26T06:34:29.671Z
2026-08-27 17:39:17.634: [INFO] LastUsedProfileDir: C:\Users\Abdul Rahman\OneDrive\Desktop\roshan\Payment Gateway Integration\Order-Service\.metadata\.plugins\org.eclipse.swt\EBWebView\Default
2026-08-27 17:39:17.634: [INFO] MostRecentlyActiveProfile: name=Profile 1 path=C:\Users\Abdul Rahman\OneDrive\Desktop\roshan\Payment Gateway Integration\Order-Service\.metadata\.plugins\org.eclipse.swt\EBWebView\Default lastActive=2026-08-26T06:34:29.671Z
2026-08-27 17:39:17.634: [INFO] OnDoneLoading sync enabled: 0
2026-08-27 17:39:17.634: [INFO] BookmarkModelLoaded, ids_reassigned: 0
2026-08-27 17:39:17.634: [INFO] BookmarksLoadDropped droppedNodes=0
2026-08-27 17:39:17.634: [INFO] BookmarksSnapshot Startup total=0 bar=0 other=0 mobile=0 showBar=0 showBarNTP=1
2026-08-27 17:39:25.798: [INFO] BookmarksSnapshot Shutdown total=0 bar=0 other=0 mobile=0 showBar=0 showBarNTP=1
2026-08-27 17:45:22.190: [INFO] CurrentProfilePath: C:\Users\Abdul Rahman\OneDrive\Desktop\roshan\Payment Gateway Integration\Order-Service\.metadata\.plugins\org.eclipse.swt\EBWebView\Default
2026-08-27 17:45:22.190: [INFO] Profiles total count: 1
2026-08-27 17:45:22.191: [INFO] Profile: name=Profile 1 path=C:\Users\Abdul Rahman\OneDrive\Desktop\roshan\Payment Gateway Integration\Order-Service\.metadata\.plugins\org.eclipse.swt\EBWebView\Default lastActive=2026-08-26T06:34:29.671Z
2026-08-27 17:45:22.191: [INFO] LastUsedProfileDir: C:\Users\Abdul Rahman\OneDrive\Desktop\roshan\Payment Gateway Integration\Order-Service\.metadata\.plugins\org.eclipse.swt\EBWebView\Default
2026-08-27 17:45:22.192: [INFO] MostRecentlyActiveProfile: name=Profile 1 path=C:\Users\Abdul Rahman\OneDrive\Desktop\roshan\Payment Gateway Integration\Order-Service\.metadata\.plugins\org.eclipse.swt\EBWebView\Default lastActive=2026-08-26T06:34:29.671Z
2026-08-27 17:45:22.192: [INFO] OnDoneLoading sync enabled: 0
2026-08-27 17:45:22.192: [INFO] BookmarkModelLoaded, ids_reassigned: 0
2026-08-27 17:45:22.192: [INFO] BookmarksLoadDropped droppedNodes=0
2026-08-27 17:45:22.192: [INFO] BookmarksSnapshot Startup total=0 bar=0 other=0 mobile=0 showBar=0 showBarNTP=1
2026-08-27 17:46:25.137: [INFO] BookmarksSnapshot Shutdown total=0 bar=0 other=0 mobile=0 showBar=0 showBarNTP=1
2026-08-27 17:47:31.185: [INFO] CurrentProfilePath: C:\Users\Abdul Rahman\OneDrive\Desktop\roshan\Payment Gateway Integration\Order-Service\.metadata\.plugins\org.eclipse.swt\EBWebView\Default
2026-08-27 17:47:31.185: [INFO] Profiles total count: 1
2026-08-27 17:47:31.186: [INFO] Profile: name=Profile 1 path=C:\Users\Abdul Rahman\OneDrive\Desktop\roshan\Payment Gateway Integration\Order-Service\.metadata\.plugins\org.eclipse.swt\EBWebView\Default lastActive=2026-08-26T06:34:29.671Z
2026-08-27 17:47:31.186: [INFO] LastUsedProfileDir: C:\Users\Abdul Rahman\OneDrive\Desktop\roshan\Payment Gateway Integration\Order-Service\.metadata\.plugins\org.eclipse.swt\EBWebView\Default
2026-08-27 17:47:31.186: [INFO] MostRecentlyActiveProfile: name=Profile 1 path=C:\Users\Abdul Rahman\OneDrive\Desktop\roshan\Payment Gateway Integration\Order-Service\.metadata\.plugins\org.eclipse.swt\EBWebView\Default lastActive=2026-08-26T06:34:29.671Z
2026-08-27 17:47:31.186: [INFO] OnDoneLoading sync enabled: 0
2026-08-27 17:47:31.186: [INFO] BookmarkModelLoaded, ids_reassigned: 0
2026-08-27 17:47:31.186: [INFO] BookmarksLoadDropped droppedNodes=0
2026-08-27 17:47:31.186: [INFO] BookmarksSnapshot Startup total=0 bar=0 other=0 mobile=0 showBar=0 showBarNTP=1
2026-08-27 17:47:36.075: [INFO] BookmarksSnapshot Shutdown total=0 bar=0 other=0 mobile=0 showBar=0 showBarNTP=1
2026-08-27 17:49:26.995: [INFO] CurrentProfilePath: C:\Users\Abdul Rahman\OneDrive\Desktop\roshan\Payment Gateway Integration\Order-Service\.metadata\.plugins\org.eclipse.swt\EBWebView\Default
2026-08-27 17:49:26.995: [INFO] Profiles total count: 1
2026-08-27 17:49:26.996: [INFO] Profile: name=Profile 1 path=C:\Users\Abdul Rahman\OneDrive\Desktop\roshan\Payment Gateway Integration\Order-Service\.metadata\.plugins\org.eclipse.swt\EBWebView\Default lastActive=2026-08-26T06:34:29.671Z
2026-08-27 17:49:26.996: [INFO] LastUsedProfileDir: C:\Users\Abdul Rahman\OneDrive\Desktop\roshan\Payment Gateway Integration\Order-Service\.metadata\.plugins\org.eclipse.swt\EBWebView\Default
2026-08-27 17:49:26.996: [INFO] MostRecentlyActiveProfile: name=Profile 1 path=C:\Users\Abdul Rahman\OneDrive\Desktop\roshan\Payment Gateway Integration\Order-Service\.metadata\.plugins\org.eclipse.swt\EBWebView\Default lastActive=2026-08-26T06:34:29.671Z
2026-08-27 17:49:26.996: [INFO] OnDoneLoading sync enabled: 0
2026-08-27 17:49:26.996: [INFO] BookmarkModelLoaded, ids_reassigned: 0
2026-08-27 17:49:26.996: [INFO] BookmarksLoadDropped droppedNodes=0
2026-08-27 17:49:26.996: [INFO] BookmarksSnapshot Startup total=0 bar=0 other=0 mobile=0 showBar=0 showBarNTP=1
2026-08-27 17:49:27.322: [INFO] BookmarksSnapshot Shutdown total=0 bar=0 other=0 mobile=0 showBar=0 showBarNTP=1
2026-08-27 17:51:27.645: [INFO] CurrentProfilePath: C:\Users\Abdul Rahman\OneDrive\Desktop\roshan\Payment Gateway Integration\Order-Service\.metadata\.plugins\org.eclipse.swt\EBWebView\Default
2026-08-27 17:51:27.645: [INFO] Profiles total count: 1
2026-08-27 17:51:27.646: [INFO] Profile: name=Profile 1 path=C:\Users\Abdul Rahman\OneDrive\Desktop\roshan\Payment Gateway Integration\Order-Service\.metadata\.plugins\org.eclipse.swt\EBWebView\Default lastActive=2026-08-26T06:34:29.671Z
2026-08-27 17:51:27.646: [INFO] LastUsedProfileDir: C:\Users\Abdul Rahman\OneDrive\Desktop\roshan\Payment Gateway Integration\Order-Service\.metadata\.plugins\org.eclipse.swt\EBWebView\Default
2026-08-27 17:51:27.646: [INFO] MostRecentlyActiveProfile: name=Profile 1 path=C:\Users\Abdul Rahman\OneDrive\Desktop\roshan\Payment Gateway Integration\Order-Service\.metadata\.plugins\org.eclipse.swt\EBWebView\Default lastActive=2026-08-26T06:34:29.671Z
2026-08-27 17:51:27.646: [INFO] OnDoneLoading sync enabled: 0
2026-08-27 17:51:27.646: [INFO] BookmarkModelLoaded, ids_reassigned: 0
2026-08-27 17:51:27.646: [INFO] BookmarksLoadDropped droppedNodes=0
2026-08-27 17:51:27.646: [INFO] BookmarksSnapshot Startup total=0 bar=0 other=0 mobile=0 showBar=0 showBarNTP=1
2026-08-27 17:51:31.727: [INFO] BookmarksSnapshot Shutdown total=0 bar=0 other=0 mobile=0 showBar=0 showBarNTP=1
2026-08-27 17:55:14.882: [INFO] CurrentProfilePath: C:\Users\Abdul Rahman\OneDrive\Desktop\roshan\Payment Gateway Integration\Order-Service\.metadata\.plugins\org.eclipse.swt\EBWebView\Default
2026-08-27 17:55:14.882: [INFO] Profiles total count: 1
2026-08-27 17:55:14.883: [INFO] Profile: name=Profile 1 path=C:\Users\Abdul Rahman\OneDrive\Desktop\roshan\Payment Gateway Integration\Order-Service\.metadata\.plugins\org.eclipse.swt\EBWebView\Default lastActive=2026-08-26T06:34:29.671Z
2026-08-27 17:55:14.883: [INFO] LastUsedProfileDir: C:\Users\Abdul Rahman\OneDrive\Desktop\roshan\Payment Gateway Integration\Order-Service\.metadata\.plugins\org.eclipse.swt\EBWebView\Default
2026-08-27 17:55:14.883: [INFO] MostRecentlyActiveProfile: name=Profile 1 path=C:\Users\Abdul Rahman\OneDrive\Desktop\roshan\Payment Gateway Integration\Order-Service\.metadata\.plugins\org.eclipse.swt\EBWebView\Default lastActive=2026-08-26T06:34:29.671Z
2026-08-27 17:55:14.883: [INFO] OnDoneLoading sync enabled: 0
2026-08-27 17:55:14.883: [INFO] BookmarkModelLoaded, ids_reassigned: 0
2026-08-27 17:55:14.883: [INFO] BookmarksLoadDropped droppedNodes=0
2026-08-27 17:55:14.883: [INFO] BookmarksSnapshot Startup total=0 bar=0 other=0 mobile=0 showBar=0 showBarNTP=1
2026-08-27 18:40:41.221: [INFO] BookmarksSnapshot Shutdown total=0 bar=0 other=0 mobile=0 showBar=0 showBarNTP=1
2026-09-04 14:46:46.099: [INFO] CurrentProfilePath: C:\Users\Abdul Rahman\OneDrive\Desktop\roshan\Payment Gateway Integration\Order-Service\.metadata\.plugins\org.eclipse.swt\EBWebView\Default
2026-09-04 14:46:46.099: [INFO] Profiles total count: 1
2026-09-04 14:46:46.099: [INFO] Profile: name=Profile 1 path=C:\Users\Abdul Rahman\OneDrive\Desktop\roshan\Payment Gateway Integration\Order-Service\.metadata\.plugins\org.eclipse.swt\EBWebView\Default lastActive=2026-08-26T06:34:29.671Z
2026-09-04 14:46:46.099: [INFO] LastUsedProfileDir: C:\Users\Abdul Rahman\OneDrive\Desktop\roshan\Payment Gateway Integration\Order-Service\.metadata\.plugins\org.eclipse.swt\EBWebView\Default
2026-09-04 14:46:46.099: [INFO] MostRecentlyActiveProfile: name=Profile 1 path=C:\Users\Abdul Rahman\OneDrive\Desktop\roshan\Payment Gateway Integration\Order-Service\.metadata\.plugins\org.eclipse.swt\EBWebView\Default lastActive=2026-08-26T06:34:29.671Z
2026-09-04 14:46:46.099: [INFO] OnDoneLoading sync enabled: 0
2026-09-04 14:46:46.099: [INFO] BookmarkModelLoaded, ids_reassigned: 0
2026-09-04 14:46:46.099: [INFO] BookmarksLoadDropped droppedNodes=0
2026-09-04 14:46:46.099: [INFO] BookmarksSnapshot Startup total=0 bar=0 other=0 mobile=0 showBar=0 showBarNTP=1
2026-09-04 18:37:35.598: [INFO] BookmarksSnapshot Shutdown total=0 bar=0 other=0 mobile=0 showBar=0 showBarNTP=1
2026-09-08 14:34:30.848: [INFO] CurrentProfilePath: C:\Users\Abdul Rahman\OneDrive\Desktop\roshan\Payment Gateway Integration\Order-Service\.metadata\.plugins\org.eclipse.swt\EBWebView\Default
2026-09-08 14:34:30.848: [INFO] Profiles total count: 1
2026-09-08 14:34:30.848: [INFO] Profile: name=Profile 1 path=C:\Users\Abdul Rahman\OneDrive\Desktop\roshan\Payment Gateway Integration\Order-Service\.metadata\.plugins\org.eclipse.swt\EBWebView\Default lastActive=2026-08-26T06:34:29.671Z
2026-09-08 14:34:30.848: [INFO] LastUsedProfileDir: C:\Users\Abdul Rahman\OneDrive\Desktop\roshan\Payment Gateway Integration\Order-Service\.metadata\.plugins\org.eclipse.swt\EBWebView\Default
2026-09-08 14:34:30.848: [INFO] MostRecentlyActiveProfile: name=Profile 1 path=C:\Users\Abdul Rahman\OneDrive\Desktop\roshan\Payment Gateway Integration\Order-Service\.metadata\.plugins\org.eclipse.swt\EBWebView\Default lastActive=2026-08-26T06:34:29.671Z
2026-09-08 14:34:30.848: [INFO] OnDoneLoading sync enabled: 0
2026-09-08 14:34:30.848: [INFO] BookmarkModelLoaded, ids_reassigned: 0
2026-09-08 14:34:30.848: [INFO] BookmarksLoadDropped droppedNodes=0
2026-09-08 14:34:30.848: [INFO] BookmarksSnapshot Startup total=0 bar=0 other=0 mobile=0 showBar=0 showBarNTP=1
2026-09-08 15:06:23.701: [INFO] BookmarksSnapshot Shutdown total=0 bar=0 other=0 mobile=0 showBar=0 showBarNTP=1
2026-09-08 15:06:52.754: [INFO] CurrentProfilePath: C:\Users\Abdul Rahman\OneDrive\Desktop\roshan\Payment Gateway Integration\Order-Service\.metadata\.plugins\org.eclipse.swt\EBWebView\Default
2026-09-08 15:06:52.754: [INFO] Profiles total count: 1
2026-09-08 15:06:52.754: [INFO] Profile: name=Profile 1 path=C:\Users\Abdul Rahman\OneDrive\Desktop\roshan\Payment Gateway Integration\Order-Service\.metadata\.plugins\org.eclipse.swt\EBWebView\Default lastActive=2026-08-26T06:34:29.671Z
2026-09-08 15:06:52.754: [INFO] LastUsedProfileDir: C:\Users\Abdul Rahman\OneDrive\Desktop\roshan\Payment Gateway Integration\Order-Service\.metadata\.plugins\org.eclipse.swt\EBWebView\Default
2026-09-08 15:06:52.754: [INFO] MostRecentlyActiveProfile: name=Profile 1 path=C:\Users\Abdul Rahman\OneDrive\Desktop\roshan\Payment Gateway Integration\Order-Service\.metadata\.plugins\org.eclipse.swt\EBWebView\Default lastActive=2026-08-26T06:34:29.671Z
2026-09-08 15:06:52.754: [INFO] OnDoneLoading sync enabled: 0
2026-09-08 15:06:52.754: [INFO] BookmarkModelLoaded, ids_reassigned: 0
2026-09-08 15:06:52.754: [INFO] BookmarksLoadDropped droppedNodes=0
2026-09-08 15:06:52.754: [INFO] BookmarksSnapshot Startup total=0 bar=0 other=0 mobile=0 showBar=0 showBarNTP=1
2026-09-08 15:13:45.839: [INFO] BookmarksSnapshot Shutdown total=0 bar=0 other=0 mobile=0 showBar=0 showBarNTP=1
2026-09-08 15:14:05.357: [INFO] CurrentProfilePath: C:\Users\Abdul Rahman\OneDrive\Desktop\roshan\Payment Gateway Integration\Order-Service\.metadata\.plugins\org.eclipse.swt\EBWebView\Default
2026-09-08 15:14:05.357: [INFO] Profiles total count: 1
2026-09-08 15:14:05.357: [INFO] Profile: name=Profile 1 path=C:\Users\Abdul Rahman\OneDrive\Desktop\roshan\Payment Gateway Integration\Order-Service\.metadata\.plugins\org.eclipse.swt\EBWebView\Default lastActive=2026-08-26T06:34:29.671Z
2026-09-08 15:14:05.357: [INFO] LastUsedProfileDir: C:\Users\Abdul Rahman\OneDrive\Desktop\roshan\Payment Gateway Integration\Order-Service\.metadata\.plugins\org.eclipse.swt\EBWebView\Default
2026-09-08 15:14:05.357: [INFO] MostRecentlyActiveProfile: name=Profile 1 path=C:\Users\Abdul Rahman\OneDrive\Desktop\roshan\Payment Gateway Integration\Order-Service\.metadata\.plugins\org.eclipse.swt\EBWebView\Default lastActive=2026-08-26T06:34:29.671Z
2026-09-08 15:14:05.357: [INFO] OnDoneLoading sync enabled: 0
2026-09-08 15:14:05.357: [INFO] BookmarkModelLoaded, ids_reassigned: 0
2026-09-08 15:14:05.357: [INFO] BookmarksLoadDropped droppedNodes=0
2026-09-08 15:14:05.357: [INFO] BookmarksSnapshot Startup total=0 bar=0 other=0 mobile=0 showBar=0 showBarNTP=1
2026-09-08 17:59:31.200: [INFO] BookmarksSnapshot Shutdown total=0 bar=0 other=0 mobile=0 showBar=0 showBarNTP=1
